C51 COMPILER V9.60.0.0   DC_MOTOR                                                          02/06/2023 15:51:17 PAGE 1   


C51 COMPILER V9.60.0.0, COMPILATION OF MODULE DC_MOTOR
OBJECT MODULE PLACED IN .\Objects\dc_motor.obj
COMPILER INVOKED BY: C:\Keil_v5\C51\BIN\C51.EXE dc_motor.c OPTIMIZE(8,SPEED) BROWSE DEBUG OBJECTEXTEND PRINT(.\Listings\
                    -dc_motor.lst) TABS(2) OBJECT(.\Objects\dc_motor.obj)

line level    source

   1          #include <timer.h>
   2          #include <reg51.h>
   3          
   4          sbit wr = P3^0;
   5          sbit rd = P3^1;
   6          sbit intr = P3^2;
   7          
   8          sbit sw = P3^7;
   9          
  10          sbit in11 = P2^0;
  11          sbit in12 = P2^1;
  12          
  13          sbit in21 = P2^6;
  14          sbit in22 = P2^7;
  15          void delay(unsigned int d){
  16   1        unsigned int i,j;
  17   1        for(i=0;i<d;i++)
  18   1          for(j=0;j<1275;j++);
  19   1      }
  20          
  21          
  22          void turn_motor(unsigned int val){
  23   1        while(1){
  24   2          if(sw==0){ // if switch is pressed
  25   3          
  26   3            //turn motor clockwise
  27   3            in11 = 1; 
  28   3            in12 = 0;
  29   3            in21 = 1;
  30   3            in22 = 0;
  31   3          }else{
  32   3            //turn motor anticlockwise
  33   3            in11 = 0;
  34   3            in12 = 1;
  35   3            in21 = 0;
  36   3            in22 = 1;
  37   3          }
  38   2        delay(val);
  39   2        }
  40   1      }
  41          
  42          void main(){
  43   1        init();
*** WARNING C206 IN LINE 43 OF dc_motor.c: 'init': missing function-prototype
  44   1        
  45   1        P1 = 0xFF;
  46   1        P3 = 0x00;
  47   1        
  48   1        intr = 1;
  49   1        rd = 1;
  50   1        wr = 1;
  51   1        
  52   1        while(1){
  53   2          delay(10);
C51 COMPILER V9.60.0.0   DC_MOTOR                                                          02/06/2023 15:51:17 PAGE 2   

  54   2          wr = 1;
  55   2          delay(10); //high to low pulse on wr to start conversion
  56   2          wr = 0;
  57   2          while(intr == 1); // wait for conversion to finish
  58   2          rd = 0; //rd low to read data
  59   2          value = P1;
*** ERROR C202 IN LINE 59 OF dc_motor.c: 'value': undefined identifier
  60   2          cmd(0x01);
  61   2          turn_motor(value);
  62   2          delay(10);
  63   2          rd = 1;
  64   2        }
  65   1          
  66   1      }

C51 COMPILATION COMPLETE.  1 WARNING(S),  1 ERROR(S)
