C51 COMPILER V9.60.0.0   SENSOR                                                            01/30/2023 16:02:40 PAGE 1   


C51 COMPILER V9.60.0.0, COMPILATION OF MODULE SENSOR
OBJECT MODULE PLACED IN .\Objects\sensor.obj
COMPILER INVOKED BY: C:\Keil_v5\C51\BIN\C51.EXE sensor.c OPTIMIZE(8,SPEED) BROWSE DEBUG OBJECTEXTEND PRINT(.\Listings\se
                    -nsor.lst) TABS(2) OBJECT(.\Objects\sensor.obj)

line level    source

   1          #include <reg51.h>
   2          #include "lcd_header.h"
*** WARNING C235 IN LINE 34 OF lcd_header.h: parameter 1: different types
   3          #define adc_input P1
   4          
   5          sbit wr = P2^5;
   6          sbit rd = P2^6;
   7          sbit intr = P2^7;
   8          
   9          unsigned int value;
  10          void main(){
  11   1        init();
  12   1        
  13   1        P1 = 0xFF;
  14   1        P3 = 0x00;
  15   1        
  16   1        intr = 1;
  17   1        rd = 1;
  18   1        wr = 1;
  19   1        
  20   1        while(1){
  21   2          delay(10);
  22   2          wr = 1;
  23   2          delay(10); //high to low pulse on wr to start conversion
  24   2          wr = 0;
  25   2          while(intr == 1); // wait for conversion to finish
  26   2          rd = 0; //rd low to read data
  27   2          value = P1;
  28   2          cmd(0x01);
  29   2          write(value);
  30   2          delay(10);
  31   2          rd = 1;
  32   2        }
  33   1          
  34   1      }


MODULE INFORMATION:   STATIC OVERLAYABLE
   CODE SIZE        =    212    ----
   CONSTANT SIZE    =   ----    ----
   XDATA SIZE       =   ----    ----
   PDATA SIZE       =   ----    ----
   DATA SIZE        =      2       6
   IDATA SIZE       =   ----    ----
   BIT SIZE         =   ----    ----
END OF MODULE INFORMATION.


C51 COMPILATION COMPLETE.  1 WARNING(S),  0 ERROR(S)
